<?xml version="1.0" encoding="UTF-8"?>
<testsuites name="jest tests" tests="1" failures="0" errors="0" time="1.857">
  <testsuite name="hello" errors="0" failures="0" skipped="0" timestamp="2021-03-28T18:53:38" time="1.755" tests="1">
    <testcase classname="hello given text expect result" name="hello given text expect result" time="0.002">
    </testcase>
  </testsuite>
</testsuites>